// Jest Snapshot v1, https://goo.gl/fbAQLP

exports[`TodoItem matches its snapshot - complete 1`] = `
<li
  className="complete"
>
  complete
</li>
`;

exports[`TodoItem matches its snapshot - not complete 1`] = `
<li
  className=""
>
  Not complete
</li>
`;
